// Jest Snapshot v1, https://goo.gl/fbAQLP

exports[`Renders avatar component snapshot test 1`] = `
<div
  className="MuiAvatar-root MuiAvatar-circular MuiAvatar-colorDefault avatar css-1d3jhju-MuiAvatar-root"
>
  <svg
    aria-hidden={true}
    className="MuiSvgIcon-root MuiSvgIcon-fontSizeMedium MuiAvatar-fallback css-10mi8st-MuiSvgIcon-root-MuiAvatar-fallback"
    data-testid="PersonIcon"
    focusable="false"
    viewBox="0 0 24 24"
  >
    <path
      d="M12 12c2.21 0 4-1.79 4-4s-1.79-4-4-4-4 1.79-4 4 1.79 4 4 4zm0 2c-2.67 0-8 1.34-8 4v2h16v-2c0-2.66-5.33-4-8-4z"
    />
  </svg>
</div>
`;
